src/App.tsx(1,2): error TS2552: Cannot find name 'NoNewline'. Did you mean 'ononline'?
src/main.tsx(3,21): error TS2306: File 'C:/My_Projects/GeneaSketch/src/App.tsx' is not a module.
src/state/store.ts(1,2): error TS2552: Cannot find name 'NoNewline'. Did you mean 'ononline'?
src/tests/ai.model-catalog.test.ts(4,29): error TS2306: File 'C:/My_Projects/GeneaSketch/src/state/store.ts' is not a module.
src/tests/ai.model-catalog.test.ts(20,27): error TS7006: Parameter 'state' implicitly has an 'any' type.
src/tests/ai.model-catalog.test.ts(45,27): error TS7006: Parameter 'state' implicitly has an 'any' type.
src/tests/collateral_vnext.test.ts(3,29): error TS2306: File 'C:/My_Projects/GeneaSketch/src/state/store.ts' is not a module.
src/tests/collateral_vnext.test.ts(12,31): error TS7006: Parameter 's' implicitly has an 'any' type.
src/tests/collateral_vnext.test.ts(115,30): error TS7006: Parameter 's' implicitly has an 'any' type.
src/tests/collateral_vnext.test.ts(119,68): error TS7006: Parameter 'n' implicitly has an 'any' type.
src/tests/collateral_vnext.test.ts(125,64): error TS7006: Parameter 'n' implicitly has an 'any' type.
src/tests/store.recent-files.test.ts(3,29): error TS2306: File 'C:/My_Projects/GeneaSketch/src/state/store.ts' is not a module.
src/tests/store.recent-files.test.ts(32,25): error TS7006: Parameter 's' implicitly has an 'any' type.
src/tests/store.test.ts(4,29): error TS2306: File 'C:/My_Projects/GeneaSketch/src/state/store.ts' is not a module.
src/tests/store.test.ts(174,25): error TS7006: Parameter 's' implicitly has an 'any' type.
src/tests/store.test.ts(371,42): error TS7006: Parameter 'overlay' implicitly has an 'any' type.
src/tests/store.test.ts(474,42): error TS7006: Parameter 'overlay' implicitly has an 'any' type.
src/ui/LayerPanel.tsx(2,29): error TS2306: File 'C:/My_Projects/GeneaSketch/src/state/store.ts' is not a module.
src/ui/LayerPanel.tsx(9,60): error TS7006: Parameter 'o' implicitly has an 'any' type.
src/ui/MockToolsPanel.tsx(2,29): error TS2306: File 'C:/My_Projects/GeneaSketch/src/state/store.ts' is not a module.
