
[1m[7m[36m RUN [39m[27m[22m [36mv2.1.9 [39m[90mC:/My_Projects/GeneaSketch[39m

[90mstdout[2m | src/tests/gschema.golden.test.ts[2m > [22m[2mPhase D3: Dirty Data & Quarantine Scenarios[2m > [22m[2mquarantines unknown tags without failing import
[22m[39mQ COUNT: [33m2[39m
Q DATA: [
  {
    "opId": "f62e5eeb-baa9-48c0-8b5b-b524191de8b3",
    "type": "QUARANTINE",
    "timestamp": 1772587017,
    "actorId": "system",
    "importId": "0d3f46e2-dc60-4cd2-b1ed-606fc43cd573",
    "ast": {
      "level": 1,
      "tag": "UNKNOWN_TAG",
      "children": [],
      "value": "Some weird value"
    },
    "reason": "unknown_individual_tag",
    "context": "@I1@",
    "originalGedcomVersion": "5.5.1",
    "opSeq": 15
  },
  {
    "opId": "62db22a3-2726-470b-9058-639f5b579fcc",
    "type": "QUARANTINE",
    "timestamp": 1772587017,
    "actorId": "system",
    "importId": "0d3f46e2-dc60-4cd2-b1ed-606fc43cd573",
    "ast": {
      "level": 1,
      "tag": "ANOTHER_ONE",
      "children": [],
      "value": "Value A",
      "sourceLines": [
        "Value B"
      ]
    },
    "reason": "unknown_individual_tag",
    "context": "@I1@",
    "originalGedcomVersion": "5.5.1",
    "opSeq": 16
  }
]

 [31mΓ¥»[39m src/tests/gschema.golden.test.ts [2m([22m[2m56 tests[22m[2m | [22m[31m1 failed[39m[2m)[22m[90m 210[2mms[22m[39m
[31m   [31m├ù[31m Extra interoperabilidad y Coerci├│n (Issue 021)[2m > [22mparses hierarchical places and flags flat places[90m 19[2mms[22m[31m[39m
[31m     ΓåÆ expected [ 'Desconocido' ] to be undefined[39m

npx : [31mΓÄ»ΓÄ»ΓÄ»ΓÄ»ΓÄ»ΓÄ»ΓÄ»[1m[7m Failed 
Tests 1 [27m[22mΓÄ»ΓÄ»ΓÄ»ΓÄ»ΓÄ»ΓÄ»ΓÄ»[39m
En línea: 1 Carácter: 1
+ npx vitest run src/tests/gschema.golden.test.ts 
--reporter basic > te ...
+ ~~~~~~~~~~~~~~~~~~~~~~~~~~~~~~~~~~~~~~~~~~~~~~~~
~~~~~~~~~~~~~~~~~~~~~
    + CategoryInfo          : NotSpecified: ([31 
   mΓÄ»ΓÄ»ΓÄ»Γ...»ΓÄ»ΓÄ»ΓÄ»[39m:String) [], Rem  
  oteException
    + FullyQualifiedErrorId : NativeCommandError
 

[31m[1m[7m FAIL [27m[22m[39m 
src/tests/gschema.golden.test.ts[2m > [22mExtra 
interoperabilidad y Coerci├│n (Issue 021)[2m > 
[22mparses hierarchical places and flags flat 
places
[31m[1mAssertionError[22m: expected [ 
'Desconocido' ] to be undefined[39m

[32m- Expected:[39m 
undefined

[31m+ Received:[39m 
Array [
  "Desconocido",
]

[36m [2mΓ¥»[22m src/tests/gschema.golden.test.t
s:[2m1420:46[22m[39m
    [90m1418| [39m
    [90m1419| [39m    [34mexpect[39m(deathPlac
e)[33m.[39m[34mtoBeTruthy[39m()[33m;[39m
    [90m1420| [39m    
[34mexpect[39m((deathPlace[33m?.[39mvalue 
[35mas[39m any)[33m.[39mparts)[33m.[39m[34m
toBeUndefined[39m()[33m;[39m [90m// Flat 
[39mΓÇª
    [90m   | [39m                               
              [31m^[39m
    [90m1421| [39m    [34mexpect[39m(warnings
[33m.[39m[34msome[39m(w [33m=>[39m 
w[33m.[39mcode [33m===[39m [32m"GED_PLACE_FLA
T"[39m))[33m.[39m[34mtoBe[39m([35mtrue[39m)
[33m;[39m
    [90m1422| [39m  })[33m;[39m

[31m[2mΓÄ»ΓÄ»ΓÄ»ΓÄ»ΓÄ»ΓÄ»ΓÄ»ΓÄ»ΓÄ»ΓÄ»ΓÄ»ΓÄ»ΓÄ»ΓÄ
»ΓÄ»ΓÄ»ΓÄ»ΓÄ»ΓÄ»ΓÄ»ΓÄ»ΓÄ»ΓÄ»ΓÄ»[1/1]ΓÄ»[22m[39m

[2m Test Files [22m [1m[31m1 failed[39m[22m[90m (1)[39m
[2m      Tests [22m [1m[31m1 failed[39m[22m[2m | [22m[1m[32m55 passed[39m[22m[90m (56)[39m
[2m   Start at [22m 19:16:56
[2m   Duration [22m 1.33s[2m (transform 373ms, setup 0ms, collect 487ms, tests 210ms, environment 0ms, prepare 126ms)[22m

