src/core/engine/GeneaEngine.ts(11,10): error TS6133: 'FamilyPatch' is declared but its value is never read.
src/core/engine/GeneaEngine.ts(16,30): error TS6196: 'PendingRelationType' is declared but never used.
src/core/engine/UiEngine.ts(3,5): error TS6196: 'ActiveOverlay' is declared but never used.
src/core/engine/UiEngine.ts(5,1): error TS6133: 'RightStackState' is declared but its value is never read.
src/state/helpers/graphHelpers.ts(8,35): error TS2353: Object literal may only specify known properties, and 'persons' does not exist in type 'ExpandedGraph'.
